  w[ 1] = 7.777043e-33, 
  w[ 2] = 8.555638e-32, 
  w[ 3] = 2.840511e-32, 
  w[ 4] = 3.340533e-38, 
  w[ 5] = 2.792602e-11, 
  w[ 6] = 9.999989e-01, 
  w[ 7] = 3.350104e-27, 
  w[ 8] = 1.022469e-30, 
  w[ 9] = 9.486060e-33, 
  w[10] = 3.181914e-34, 
  w[11] = 3.666141e-35, 
  w[12] = 1.809306e-35, 
  w[13] = 4.757580e-35, 
  w[14] = 8.230506e-34, 
  w[15] = 2.065371e-31, 
  w[16] = 4.631332e-14, 
  w[17] = 8.099260e-14, 
  w[18] = 4.971769e-45, 
  w[19] = 1.007059e-39, 
  w[20] = 1.594944e-35, 
  w[21] = 1.754819e-36, 
  w[22] = 1.101372e-39, 
  w[23] = 2.115288e-42, 
  w[24] = 1.463814e-44, 
  w[25] = 2.965651e-46, 
  w[26] = 1.563947e-47, 
  w[27] = 2.042610e-48, 
  w[28] = 6.301036e-49, 
  w[29] = 4.355461e-49, 
  w[30] = 6.517948e-49, 
  w[31] = 2.112712e-48, 
  w[32] = 1.551051e-47, 
  w[33] = 2.830449e-46, 
  w[34] = 1.455632e-44, 
  w[35] = 2.334157e-42, 
  w[36] = 1.126479e-39, 
  w[37] = 1.038146e-36, 
  w[38] = 4.350857e-35, 
  w[39] = 8.723493e-40, 
  w[40] = 2.457495e-40, 
  w[41] = 1.130357e-06, 
  w[42] = 6.165907e-30, 
  w[43] = 6.621073e-39, 
  w[44] = 2.436511e-37, 
  w[45] = 3.189256e-35, 
  w[46] = 3.047524e-39, 
  w[47] = 1.184607e-42, 
  w[48] = 4.458096e-45, 
  w[49] = 1.111149e-46, 
  w[50] = 1.097231e-47, 
  w[51] = 3.046598e-48, 
  w[52] = 2.022281e-48, 
  w[53] = 3.033654e-48, 
  w[54] = 1.038847e-47, 
  w[55] = 8.793798e-47, 
  w[56] = 2.125131e-45, 
  w[57] = 1.687714e-43, 
  w[58] = 4.422983e-41, 
  w[59] = 2.932744e-38, 
  w[60] = 2.619535e-35, 
