0 5.51158654221367440186e+05 3.74991001590659209342e+02 2.12818583538261047957e-05 -4.25634128255005558372e-05 5.51533645201676525176e+05 9.99995240352815839557e-01 0.00000000000000000000e+00
10 5.50313583732199156657e+05                      nan                      nan                      inf                      nan                      inf 2.38788943833463098721e+180
20                      nan                      nan                      nan                      nan                      nan                      nan                      nan
30                      nan                      nan                      nan                      nan                      nan                      nan                      nan
40                      nan                      nan                      nan                      nan                      nan                      nan                      nan
50                      nan                      nan                      nan                      nan                      nan                      nan                      nan
60                      nan                      nan                      nan                      nan                      nan                      nan                      nan
70                      nan                      nan                      nan                      nan                      nan                      nan                      nan
80                      nan                      nan                      nan                      nan                      nan                      nan                      nan
90                      nan                      nan                      nan                      nan                      nan                      nan                      nan
