  w[ 1] = 1.044453e-46, 
  w[ 2] = 8.592931e-01, 
  w[ 3] = 4.707043e-70, 
  w[ 4] = 5.991654e-71, 
  w[ 5] = 2.794600e-68, 
  w[ 6] = 1.051885e-64, 
  w[ 7] = 4.138608e-69, 
  w[ 8] = 1.208491e-07, 
  w[ 9] = 1.407068e-01, 
  w[10] = 3.750126e-44, 
