E_t    = 8.078178e+00 
KE     = 2.082706e+01 
KEv    = 8.035431e-02 
PEv    = 9.833785e-01 
p_tot  = -1.381262e+01 
T      = 3.175894e+02 
E_t    = 8.220703e+00 
KE     = 2.338810e+01 
KEv    = 4.630697e-02 
PEv    = -4.739522e+00 
p_tot  = -1.047418e+01 
T      = 3.566424e+02 
E_t    = 8.423923e+00 
KE     = 2.427016e+01 
KEv    = 2.385340e-01 
PEv    = -1.820371e+01 
p_tot  = 2.118939e+00 
T      = 3.700927e+02 
E_t    = 8.174998e+00 
KE     = 2.582483e+01 
KEv    = 3.023357e-01 
PEv    = -8.811778e+00 
p_tot  = -9.140387e+00 
T      = 3.937997e+02 
E_t    = 8.418035e+00 
KE     = 2.132479e+01 
KEv    = 3.596571e-02 
PEv    = -1.039642e+01 
p_tot  = -2.546309e+00 
T      = 3.251792e+02 
E_t    = 8.145676e+00 
KE     = 2.650293e+01 
KEv    = 1.078104e+00 
PEv    = -1.256825e+01 
p_tot  = -6.867109e+00 
T      = 4.041399e+02 
E_t    = 8.420323e+00 
KE     = 2.492340e+01 
KEv    = 1.155370e-01 
PEv    = -1.255191e+01 
p_tot  = -4.066707e+00 
T      = 3.800540e+02 
E_t    = 8.290331e+00 
KE     = 2.910163e+01 
KEv    = 1.573727e-01 
PEv    = -1.475133e+01 
p_tot  = -6.217342e+00 
T      = 4.437672e+02 
E_t    = 8.156688e+00 
KE     = 2.652517e+01 
KEv    = 9.030678e-01 
PEv    = -1.076693e+01 
p_tot  = -8.504618e+00 
T      = 4.044791e+02 
E_t    = 8.360948e+00 
KE     = 2.043864e+01 
KEv    = 4.359044e-01 
PEv    = -1.052398e+01 
p_tot  = -1.989621e+00 
T      = 3.116664e+02 
